User Request
---------------
query GetUser {
  reviews {
    body
    author {
      birthdate
    }
  }
}
---------------

Result
---------------
{
  "errors": [
    {
      "message": "Unexpected Execution Error"
    }
  ]
}
---------------

Fusion Graph
---------------
schema @fusion(version: 1) @httpClient(subgraph: "Reviews", baseAddress: "http:\/\/localhost:5000\/graphql") @webSocketClient(subgraph: "Reviews", baseAddress: "ws:\/\/localhost:5000\/graphql") @httpClient(subgraph: "Accounts", baseAddress: "http:\/\/localhost:5000\/graphql") @webSocketClient(subgraph: "Accounts", baseAddress: "ws:\/\/localhost:5000\/graphql") {
  query: Query
  mutation: Mutation
  subscription: Subscription
}

type Query {
  "Fetches an object given its ID."
  node("ID of the object." id: ID!): Node @variable(subgraph: "Reviews", name: "id", argument: "id") @resolver(subgraph: "Reviews", select: "{ node(id: $id) }", arguments: [ { name: "id", type: "ID!" } ]) @variable(subgraph: "Accounts", name: "id", argument: "id") @resolver(subgraph: "Accounts", select: "{ node(id: $id) }", arguments: [ { name: "id", type: "ID!" } ])
  "Lookup nodes by a list of IDs."
  nodes("The list of node IDs." ids: [ID!]!): [Node]! @variable(subgraph: "Reviews", name: "ids", argument: "ids") @resolver(subgraph: "Reviews", select: "{ nodes(ids: $ids) }", arguments: [ { name: "ids", type: "[ID!]!" } ]) @variable(subgraph: "Accounts", name: "ids", argument: "ids") @resolver(subgraph: "Accounts", select: "{ nodes(ids: $ids) }", arguments: [ { name: "ids", type: "[ID!]!" } ])
  productById(upc: ID!): Product @variable(subgraph: "Reviews", name: "upc", argument: "upc") @resolver(subgraph: "Reviews", select: "{ productById(upc: $upc) }", arguments: [ { name: "upc", type: "ID!" } ])
  reviewById(id: ID!): Review @variable(subgraph: "Reviews", name: "id", argument: "id") @resolver(subgraph: "Reviews", select: "{ reviewById(id: $id) }", arguments: [ { name: "id", type: "ID!" } ])
  reviews: [Review!]! @resolver(subgraph: "Reviews", select: "{ reviews }")
  userById(id: ID!): User @variable(subgraph: "Reviews", name: "id", argument: "id") @resolver(subgraph: "Reviews", select: "{ authorById(id: $id) }", arguments: [ { name: "id", type: "ID!" } ]) @variable(subgraph: "Accounts", name: "id", argument: "id") @resolver(subgraph: "Accounts", select: "{ userById(id: $id) }", arguments: [ { name: "id", type: "ID!" } ])
  users: [User!]! @resolver(subgraph: "Accounts", select: "{ users }")
  usersById(ids: [Int!]!): [User!]! @variable(subgraph: "Accounts", name: "ids", argument: "ids") @resolver(subgraph: "Accounts", select: "{ usersById(ids: $ids) }", arguments: [ { name: "ids", type: "[Int!]!" } ])
}

type Mutation {
  addReview(input: AddReviewInput!): AddReviewPayload! @variable(subgraph: "Reviews", name: "input", argument: "input") @resolver(subgraph: "Reviews", select: "{ addReview(input: $input) }", arguments: [ { name: "input", type: "AddReviewInput!" } ])
  addUser(input: AddUserInput!): AddUserPayload! @variable(subgraph: "Accounts", name: "input", argument: "input") @resolver(subgraph: "Accounts", select: "{ addUser(input: $input) }", arguments: [ { name: "input", type: "AddUserInput!" } ])
}

type Subscription {
  onNewReview: Review! @resolver(subgraph: "Reviews", select: "{ onNewReview }", kind: "SUBSCRIPTION")
}

type AddReviewPayload {
  review: Review @source(subgraph: "Reviews")
}

type AddUserPayload {
  user: User @source(subgraph: "Accounts")
}

type Product @variable(subgraph: "Reviews", name: "Product_upc", select: "upc") @resolver(subgraph: "Reviews", select: "{ productById(upc: $Product_upc) }", arguments: [ { name: "Product_upc", type: "ID!" } ]) {
  reviews: [Review!]! @source(subgraph: "Reviews")
  upc: Int! @source(subgraph: "Reviews")
}

type Review implements Node {
  author: User! @source(subgraph: "Reviews")
  body: String! @source(subgraph: "Reviews")
  id: ID! @source(subgraph: "Reviews")
  product: Product! @source(subgraph: "Reviews")
}

type User implements Node @source(subgraph: "Reviews", name: "Author") @variable(subgraph: "Reviews", name: "User_id", select: "id") @variable(subgraph: "Accounts", name: "User_id", select: "id") @resolver(subgraph: "Reviews", select: "{ authorById(id: $User_id) }", arguments: [ { name: "User_id", type: "ID!" } ]) @resolver(subgraph: "Accounts", select: "{ userById(id: $User_id) }", arguments: [ { name: "User_id", type: "ID!" } ]) @resolver(subgraph: "Accounts", select: "{ usersById(ids: $User_id) }", arguments: [ { name: "User_id", type: "[Int!]!" } ], kind: "BATCH_BY_KEY") {
  birthdate: DateTime! @source(subgraph: "Accounts")
  id: ID! @source(subgraph: "Reviews") @source(subgraph: "Accounts")
  name: String! @source(subgraph: "Reviews") @source(subgraph: "Accounts")
  reviews: [Review!]! @source(subgraph: "Reviews")
  username: String! @source(subgraph: "Accounts")
}

interface Node {
  id: ID!
}

input AddReviewInput {
  authorId: Int!
  body: String!
  upc: Int!
}

input AddUserInput {
  birthdate: DateTime!
  name: String!
  username: String!
}

"The `DateTime` scalar represents an ISO-8601 compliant date time type."
scalar DateTime
---------------
