UserRequest
---------------
query FetchNode($id: ID!) {
  node(id: $id) {
    ... on User {
      name
    }
  }
}
---------------

QueryPlan
---------------
{
  "document": "query FetchNode($id: ID!) { node(id: $id) { ... on User { name } } }",
  "operation": "FetchNode",
  "rootNode": {
    "type": "Serial",
    "nodes": [
      {
        "type": "Resolver",
        "subgraph": "Reviews2",
        "document": "query FetchNode_1($id: ID!) { node(id: $id) { name } }",
        "selectionSetId": 0,
        "forwardedVariables": [
          {
            "variable": "id"
          }
        ]
      },
      {
        "type": "Composition",
        "selectionSetIds": [
          0
        ]
      }
    ]
  }
}
---------------
