UserRequest
---------------
query TopProducts($first: Int!) {
  topProducts(first: $first) {
    upc
  }
  __schema {
    types {
      name
      kind
      fields {
        name
        type {
          name
          kind
        }
      }
    }
  }
}
---------------

QueryPlan
---------------
{
  "document": "query TopProducts($first: Int!) { topProducts(first: $first) { upc } __schema { types { name kind fields { name type { name kind } } } } }",
  "operation": "TopProducts",
  "rootNode": {
    "type": "Serial",
    "nodes": [
      {
        "type": "Parallel",
        "nodes": [
          {
            "type": "Introspection"
          },
          {
            "type": "Resolver",
            "subgraph": "Products",
            "document": "query TopProducts_1($first: Int!) { topProducts(first: $first) { __fusion_exports__1: id } }",
            "selectionSetId": 0,
            "forwardedVariables": [
              {
                "variable": "first"
              }
            ]
          }
        ]
      },
      {
        "type": "Composition",
        "selectionSetIds": [
          0
        ]
      },
      {
        "type": "Resolver",
        "subgraph": "Reviews",
        "document": "query TopProducts_2($__fusion_exports__1: ID!) { productById(id: $__fusion_exports__1) { upc } }",
        "selectionSetId": 5,
        "path": [
          "productById"
        ],
        "requires": [
          {
            "variable": "__fusion_exports__1"
          }
        ]
      },
      {
        "type": "Composition",
        "selectionSetIds": [
          5
        ]
      }
    ]
  }
}
---------------
