UserRequest
---------------
query TopProducts($first: Int!) {
  topProducts(first: $first) {
    upc
  }
}
---------------

QueryPlan
---------------
{
  "document": "query TopProducts($first: Int!) { topProducts(first: $first) { upc } }",
  "operation": "TopProducts",
  "rootNode": {
    "type": "Serial",
    "nodes": [
      {
        "type": "Resolver",
        "subgraph": "Products",
        "document": "query TopProducts_1($first: Int!) { topProducts(first: $first) { __fusion_exports__1: id } }",
        "selectionSetId": 0,
        "forwardedVariables": [
          {
            "variable": "first"
          }
        ]
      },
      {
        "type": "Composition",
        "selectionSetIds": [
          0
        ]
      },
      {
        "type": "Resolver",
        "subgraph": "Reviews",
        "document": "query TopProducts_2($__fusion_exports__1: ID!) { productById(id: $__fusion_exports__1) { upc } }",
        "selectionSetId": 1,
        "path": [
          "productById"
        ],
        "requires": [
          {
            "variable": "__fusion_exports__1"
          }
        ]
      },
      {
        "type": "Composition",
        "selectionSetIds": [
          1
        ]
      }
    ]
  }
}
---------------
