{
  "data": {
    "root": [
      {
        "baz": "a",
        "extended": "aFoo"
      },
      {
        "baz": "b",
        "extended": "bFoo"
      }
    ]
  }
}
