{
  "data": {
    "root": [
      {
        "foo": {
          "a": [],
          "b": [
            {
              "foo": {
                "barShort": 12
              }
            }
          ],
          "c": [],
          "d": []
        }
      },
      {
        "foo": {
          "a": [],
          "b": [],
          "c": [],
          "d": [
            {
              "foo": {
                "barShort": 14
              }
            }
          ]
        }
      }
    ]
  }
}
